Archive member included because of file (symbol)

/usr/lib/gcc/avr/4.5.3/../../../avr/lib/avr5/libm.a(addsf3.o)
                              inputs.o (__addsf3)
/usr/lib/gcc/avr/4.5.3/../../../avr/lib/avr5/libm.a(addsf3x.o)
                              /usr/lib/gcc/avr/4.5.3/../../../avr/lib/avr5/libm.a(addsf3.o) (__addsf3x)
/usr/lib/gcc/avr/4.5.3/../../../avr/lib/avr5/libm.a(cmpsf2.o)
                              main.o (__ltsf2)
/usr/lib/gcc/avr/4.5.3/../../../avr/lib/avr5/libm.a(floatsisf.o)
                              inputs.o (__floatsisf)
/usr/lib/gcc/avr/4.5.3/../../../avr/lib/avr5/libm.a(fp_cmp.o)
                              /usr/lib/gcc/avr/4.5.3/../../../avr/lib/avr5/libm.a(cmpsf2.o) (__fp_cmp)
/usr/lib/gcc/avr/4.5.3/../../../avr/lib/avr5/libm.a(fp_inf.o)
                              /usr/lib/gcc/avr/4.5.3/../../../avr/lib/avr5/libm.a(addsf3x.o) (__fp_inf)
/usr/lib/gcc/avr/4.5.3/../../../avr/lib/avr5/libm.a(fp_nan.o)
                              /usr/lib/gcc/avr/4.5.3/../../../avr/lib/avr5/libm.a(addsf3x.o) (__fp_nan)
/usr/lib/gcc/avr/4.5.3/../../../avr/lib/avr5/libm.a(fp_pscA.o)
                              /usr/lib/gcc/avr/4.5.3/../../../avr/lib/avr5/libm.a(addsf3x.o) (__fp_pscA)
/usr/lib/gcc/avr/4.5.3/../../../avr/lib/avr5/libm.a(fp_pscB.o)
                              /usr/lib/gcc/avr/4.5.3/../../../avr/lib/avr5/libm.a(addsf3x.o) (__fp_pscB)
/usr/lib/gcc/avr/4.5.3/../../../avr/lib/avr5/libm.a(fp_round.o)
                              /usr/lib/gcc/avr/4.5.3/../../../avr/lib/avr5/libm.a(addsf3.o) (__fp_round)
/usr/lib/gcc/avr/4.5.3/../../../avr/lib/avr5/libm.a(fp_split3.o)
                              /usr/lib/gcc/avr/4.5.3/../../../avr/lib/avr5/libm.a(addsf3x.o) (__fp_split3)
/usr/lib/gcc/avr/4.5.3/../../../avr/lib/avr5/libm.a(fp_zero.o)
                              /usr/lib/gcc/avr/4.5.3/../../../avr/lib/avr5/libm.a(addsf3x.o) (__fp_zero)
/usr/lib/gcc/avr/4.5.3/../../../avr/lib/avr5/libm.a(gesf2.o)
                              main.o (__gtsf2)
/usr/lib/gcc/avr/4.5.3/../../../avr/lib/avr5/libm.a(mulsf3.o)
                              inputs.o (__mulsf3)
/usr/lib/gcc/avr/4.5.3/../../../avr/lib/avr5/libm.a(mulsf3x.o)
                              /usr/lib/gcc/avr/4.5.3/../../../avr/lib/avr5/libm.a(mulsf3.o) (__mulsf3x)
/usr/lib/gcc/avr/4.5.3/../../../avr/lib/avr5/libc.a(dtostrf.o)
                              inputs.o (dtostrf)
/usr/lib/gcc/avr/4.5.3/../../../avr/lib/avr5/libc.a(strtod.o)
                              main.o (strtod)
/usr/lib/gcc/avr/4.5.3/../../../avr/lib/avr5/libc.a(strtoul.o)
                              CO2_serial.o (strtoul)
/usr/lib/gcc/avr/4.5.3/../../../avr/lib/avr5/libc.a(atoi.o)
                              main.o (atoi)
/usr/lib/gcc/avr/4.5.3/../../../avr/lib/avr5/libc.a(exit.o)
                              /usr/lib/gcc/avr/4.5.3/../../../avr/lib/avr5/crtm32.o (exit)
/usr/lib/gcc/avr/4.5.3/../../../avr/lib/avr5/libc.a(isspace.o)
                              /usr/lib/gcc/avr/4.5.3/../../../avr/lib/avr5/libc.a(strtod.o) (isspace)
/usr/lib/gcc/avr/4.5.3/../../../avr/lib/avr5/libc.a(strcmp_P.o)
                              main.o (strcmp_P)
/usr/lib/gcc/avr/4.5.3/../../../avr/lib/avr5/libc.a(strncasecmp_P.o)
                              /usr/lib/gcc/avr/4.5.3/../../../avr/lib/avr5/libc.a(strtod.o) (strncasecmp_P)
/usr/lib/gcc/avr/4.5.3/../../../avr/lib/avr5/libc.a(memset.o)
                              uart.o (memset)
/usr/lib/gcc/avr/4.5.3/../../../avr/lib/avr5/libc.a(strcat.o)
                              main.o (strcat)
/usr/lib/gcc/avr/4.5.3/../../../avr/lib/avr5/libc.a(strcpy.o)
                              main.o (strcpy)
/usr/lib/gcc/avr/4.5.3/../../../avr/lib/avr5/libc.a(itoa.o)
                              main.o (itoa)
/usr/lib/gcc/avr/4.5.3/../../../avr/lib/avr5/libc.a(mul10.o)
                              /usr/lib/gcc/avr/4.5.3/../../../avr/lib/avr5/libc.a(atoi.o) (__mulhi_const_10)
/usr/lib/gcc/avr/4.5.3/../../../avr/lib/avr5/libc.a(ultoa.o)
                              main.o (ultoa)
/usr/lib/gcc/avr/4.5.3/../../../avr/lib/avr5/libc.a(sprintf.o)
                              main.o (sprintf)
/usr/lib/gcc/avr/4.5.3/../../../avr/lib/avr5/libc.a(vfprintf_std.o)
                              /usr/lib/gcc/avr/4.5.3/../../../avr/lib/avr5/libc.a(sprintf.o) (vfprintf)
/usr/lib/gcc/avr/4.5.3/../../../avr/lib/avr5/libc.a(eerd_block_atmega32.o)
                              non_vol.o (__eerd_block_m32)
/usr/lib/gcc/avr/4.5.3/../../../avr/lib/avr5/libc.a(eerd_byte_atmega32.o)
                              non_vol.o (__eerd_byte_m32)
/usr/lib/gcc/avr/4.5.3/../../../avr/lib/avr5/libc.a(eewr_block_atmega32.o)
                              non_vol.o (__eewr_block_m32)
/usr/lib/gcc/avr/4.5.3/../../../avr/lib/avr5/libc.a(eewr_byte_atmega32.o)
                              non_vol.o (__eewr_byte_m32)
/usr/lib/gcc/avr/4.5.3/../../../avr/lib/avr5/libc.a(errno.o)
                              /usr/lib/gcc/avr/4.5.3/../../../avr/lib/avr5/libc.a(strtod.o) (errno)
/usr/lib/gcc/avr/4.5.3/../../../avr/lib/avr5/libc.a(dtoa_prf.o)
                              /usr/lib/gcc/avr/4.5.3/../../../avr/lib/avr5/libc.a(dtostrf.o) (dtoa_prf)
/usr/lib/gcc/avr/4.5.3/../../../avr/lib/avr5/libc.a(ftoa_engine.o)
                              /usr/lib/gcc/avr/4.5.3/../../../avr/lib/avr5/libc.a(dtoa_prf.o) (__ftoa_engine)
/usr/lib/gcc/avr/4.5.3/../../../avr/lib/avr5/libc.a(cty_isfalse.o)
                              /usr/lib/gcc/avr/4.5.3/../../../avr/lib/avr5/libc.a(isspace.o) (__ctype_isfalse)
/usr/lib/gcc/avr/4.5.3/../../../avr/lib/avr5/libc.a(strnlen_P.o)
                              /usr/lib/gcc/avr/4.5.3/../../../avr/lib/avr5/libc.a(vfprintf_std.o) (strnlen_P)
/usr/lib/gcc/avr/4.5.3/../../../avr/lib/avr5/libc.a(strnlen.o)
                              /usr/lib/gcc/avr/4.5.3/../../../avr/lib/avr5/libc.a(vfprintf_std.o) (strnlen)
/usr/lib/gcc/avr/4.5.3/../../../avr/lib/avr5/libc.a(strrev.o)
                              /usr/lib/gcc/avr/4.5.3/../../../avr/lib/avr5/libc.a(itoa.o) (strrev)
/usr/lib/gcc/avr/4.5.3/../../../avr/lib/avr5/libc.a(fputc.o)
                              /usr/lib/gcc/avr/4.5.3/../../../avr/lib/avr5/libc.a(vfprintf_std.o) (fputc)
/usr/lib/gcc/avr/4.5.3/../../../avr/lib/avr5/libc.a(ultoa_invert.o)
                              /usr/lib/gcc/avr/4.5.3/../../../avr/lib/avr5/libc.a(vfprintf_std.o) (__ultoa_invert)
/usr/lib/gcc/avr/4.5.3/avr5/libgcc.a(_mulsi3.o)
                              uart.o (__mulsi3)
/usr/lib/gcc/avr/4.5.3/avr5/libgcc.a(_udivmodqi4.o)
                              i2c_rtc.o (__udivmodqi4)
/usr/lib/gcc/avr/4.5.3/avr5/libgcc.a(_udivmodhi4.o)
                              main.o (__udivmodhi4)
/usr/lib/gcc/avr/4.5.3/avr5/libgcc.a(_udivmodsi4.o)
                              uart.o (__udivmodsi4)
/usr/lib/gcc/avr/4.5.3/avr5/libgcc.a(_prologue.o)
                              /usr/lib/gcc/avr/4.5.3/../../../avr/lib/avr5/libc.a(strtod.o) (__prologue_saves__)
/usr/lib/gcc/avr/4.5.3/avr5/libgcc.a(_epilogue.o)
                              /usr/lib/gcc/avr/4.5.3/../../../avr/lib/avr5/libc.a(strtod.o) (__epilogue_restores__)
/usr/lib/gcc/avr/4.5.3/avr5/libgcc.a(_exit.o)
                              /usr/lib/gcc/avr/4.5.3/../../../avr/lib/avr5/libc.a(exit.o) (_exit)
/usr/lib/gcc/avr/4.5.3/avr5/libgcc.a(_copy_data.o)
                              main.o (__do_copy_data)
/usr/lib/gcc/avr/4.5.3/avr5/libgcc.a(_clear_bss.o)
                              main.o (__do_clear_bss)

Allocating common symbols
Common symbol       size              file

errno               0x2               /usr/lib/gcc/avr/4.5.3/../../../avr/lib/avr5/libc.a(errno.o)
test_timer          0x1               utilities.o
sixteen             0x1               main.o
ADC_volts           0x2               sixteen_bit.o
suart_timedout_flag
                    0x1               utilities.o

Memory Configuration

Name             Origin             Length             Attributes
text             0x0000000000000000 0x0000000000020000 xr
data             0x0000000000800060 0x000000000000ffa0 rw !x
eeprom           0x0000000000810000 0x0000000000010000 rw !x
fuse             0x0000000000820000 0x0000000000000400 rw !x
lock             0x0000000000830000 0x0000000000000400 rw !x
signature        0x0000000000840000 0x0000000000000400 rw !x
*default*        0x0000000000000000 0xffffffffffffffff

Linker script and memory map

LOAD /usr/lib/gcc/avr/4.5.3/../../../avr/lib/avr5/crtm32.o
LOAD main.o
LOAD twimaster.o
LOAD suart.o
LOAD uart.o
LOAD inputs.o
LOAD i2c_rtc.o
LOAD sixteen_bit.o
LOAD utilities.o
LOAD CO.o
LOAD SHT25.o
LOAD CO2_serial.o
LOAD 10_bit.o
LOAD non_vol.o
LOAD /usr/lib/gcc/avr/4.5.3/../../../avr/lib/avr5/libm.a
LOAD /usr/lib/gcc/avr/4.5.3/../../../avr/lib/avr5/libc.a
LOAD /usr/lib/gcc/avr/4.5.3/avr5/libgcc.a
LOAD /usr/lib/gcc/avr/4.5.3/../../../avr/lib/avr5/libc.a
LOAD /usr/lib/gcc/avr/4.5.3/avr5/libgcc.a

.hash
 *(.hash)

.dynsym
 *(.dynsym)

.dynstr
 *(.dynstr)

.gnu.version
 *(.gnu.version)

.gnu.version_d
 *(.gnu.version_d)

.gnu.version_r
 *(.gnu.version_r)

.rel.init
 *(.rel.init)

.rela.init
 *(.rela.init)

.rel.text
 *(.rel.text)
 *(.rel.text.*)
 *(.rel.gnu.linkonce.t*)

.rela.text
 *(.rela.text)
 *(.rela.text.*)
 *(.rela.gnu.linkonce.t*)

.rel.fini
 *(.rel.fini)

.rela.fini
 *(.rela.fini)

.rel.rodata
 *(.rel.rodata)
 *(.rel.rodata.*)
 *(.rel.gnu.linkonce.r*)

.rela.rodata
 *(.rela.rodata)
 *(.rela.rodata.*)
 *(.rela.gnu.linkonce.r*)

.rel.data
 *(.rel.data)
 *(.rel.data.*)
 *(.rel.gnu.linkonce.d*)

.rela.data
 *(.rela.data)
 *(.rela.data.*)
 *(.rela.gnu.linkonce.d*)

.rel.ctors
 *(.rel.ctors)

.rela.ctors
 *(.rela.ctors)

.rel.dtors
 *(.rel.dtors)

.rela.dtors
 *(.rela.dtors)

.rel.got
 *(.rel.got)

.rela.got
 *(.rela.got)

.rel.bss
 *(.rel.bss)

.rela.bss
 *(.rela.bss)

.rel.plt
 *(.rel.plt)

.rela.plt
 *(.rela.plt)

.text           0x0000000000000000     0x4408
 *(.vectors)
 .vectors       0x0000000000000000       0x54 /usr/lib/gcc/avr/4.5.3/../../../avr/lib/avr5/crtm32.o
                0x0000000000000000                __vectors
                0x0000000000000000                __vector_default
 *(.vectors)
 *(.progmem.gcc*)
 *(.progmem*)
 .progmem.data  0x0000000000000054      0x346 main.o
 .progmem.data  0x000000000000039a       0x55 inputs.o
 .progmem.data  0x00000000000003ef       0x2d i2c_rtc.o
 .progmem.data  0x000000000000041c       0x3b /usr/lib/gcc/avr/4.5.3/../../../avr/lib/avr5/libc.a(strtod.o)
 .progmem.data  0x0000000000000457       0xfa /usr/lib/gcc/avr/4.5.3/../../../avr/lib/avr5/libc.a(ftoa_engine.o)
                0x0000000000000552                . = ALIGN (0x2)
 *fill*         0x0000000000000551        0x1 00
                0x0000000000000552                __trampolines_start = .
 *(.trampolines)
 .trampolines   0x0000000000000552        0x0 linker stubs
 *(.trampolines*)
                0x0000000000000552                __trampolines_end = .
 *(.jumptables)
 *(.jumptables*)
 *(.lowtext)
 *(.lowtext*)
                0x0000000000000552                __ctors_start = .
 *(.ctors)
                0x0000000000000552                __ctors_end = .
                0x0000000000000552                __dtors_start = .
 *(.dtors)
                0x0000000000000552                __dtors_end = .
 SORT(*)(.ctors)
 SORT(*)(.dtors)
 *(.init0)
 .init0         0x0000000000000552        0x0 /usr/lib/gcc/avr/4.5.3/../../../avr/lib/avr5/crtm32.o
                0x0000000000000552                __init
 *(.init0)
 *(.init1)
 *(.init1)
 *(.init2)
 .init2         0x0000000000000552        0xc /usr/lib/gcc/avr/4.5.3/../../../avr/lib/avr5/crtm32.o
 *(.init2)
 *(.init3)
 *(.init3)
 *(.init4)
 .init4         0x000000000000055e       0x16 /usr/lib/gcc/avr/4.5.3/avr5/libgcc.a(_copy_data.o)
                0x000000000000055e                __do_copy_data
 .init4         0x0000000000000574       0x10 /usr/lib/gcc/avr/4.5.3/avr5/libgcc.a(_clear_bss.o)
                0x0000000000000574                __do_clear_bss
 *(.init4)
 *(.init5)
 *(.init5)
 *(.init6)
 *(.init6)
 *(.init7)
 *(.init7)
 *(.init8)
 *(.init8)
 *(.init9)
 .init9         0x0000000000000584        0x8 /usr/lib/gcc/avr/4.5.3/../../../avr/lib/avr5/crtm32.o
 *(.init9)
 *(.text)
 .text          0x000000000000058c        0x4 /usr/lib/gcc/avr/4.5.3/../../../avr/lib/avr5/crtm32.o
                0x000000000000058c                __vector_1
                0x000000000000058c                __vector_12
                0x000000000000058c                __bad_interrupt
                0x000000000000058c                __vector_6
                0x000000000000058c                __vector_3
                0x000000000000058c                __vector_17
                0x000000000000058c                __vector_19
                0x000000000000058c                __vector_7
                0x000000000000058c                __vector_5
                0x000000000000058c                __vector_4
                0x000000000000058c                __vector_2
                0x000000000000058c                __vector_15
                0x000000000000058c                __vector_8
                0x000000000000058c                __vector_14
                0x000000000000058c                __vector_10
                0x000000000000058c                __vector_18
                0x000000000000058c                __vector_20
 .text          0x0000000000000590      0xcf6 main.o
                0x0000000000000590                __vector_9
                0x00000000000005b2                cal_val_input_delay
                0x000000000000065e                read_stored_vals
                0x00000000000007cc                cal_menu
                0x0000000000000d2e                output_headers
                0x0000000000000ea6                timesample
                0x0000000000000f26                main
 .text          0x0000000000001286       0xfe twimaster.o
                0x0000000000001286                i2c_init
                0x000000000000128e                i2c_start
                0x00000000000012ca                i2c_start_wait
                0x0000000000001314                i2c_rep_start
                0x000000000000131a                i2c_stop
                0x0000000000001330                i2c_write
                0x0000000000001354                i2c_readAck
                0x000000000000136c                i2c_readNak
 .text          0x0000000000001384      0x272 suart.o
                0x0000000000001384                xmit1
                0x00000000000013a8                xmit2
                0x00000000000013cc                suart_init
                0x0000000000001414                xmit3
                0x0000000000001438                suart_puts
                0x0000000000001480                rcvr1
                0x00000000000014b0                rcvr2
                0x00000000000014e0                get_line
                0x000000000000155e                rcvr3
                0x000000000000158e                direct_conn
 .text          0x00000000000015f6      0x2a0 uart.o
                0x00000000000015f6                uart_init
                0x0000000000001606                uart_putc
                0x000000000000161e                uart_putw_dec
                0x00000000000016b4                uart_putdw_dec
                0x000000000000177a                uart_puts
                0x00000000000017ac                uart_puts_p
                0x00000000000017c8                uart_getc
                0x00000000000017d6                uart_getc_timeout
                0x00000000000017f6                read_line
                0x0000000000001894                __vector_13
 .text          0x0000000000001896      0xa2a inputs.o
                0x0000000000001896                calc_and_string
                0x00000000000019d4                sample_all_channels
 .text          0x00000000000022c0      0x51c i2c_rtc.o
                0x00000000000022c0                i2c_read_block
                0x000000000000232c                i2c_write_block
                0x0000000000002376                rtc_gettime
                0x0000000000002462                rtc_settime
                0x000000000000250a                i2c_rtc_init
                0x00000000000025a6                showtime
                0x0000000000002670                bintime2unixtime
 .text          0x00000000000027dc      0x1f6 sixteen_bit.o
                0x00000000000027dc                i2c_adc
                0x000000000000298e                read_adc
 .text          0x00000000000029d2       0x90 utilities.o
                0x00000000000029d2                __vector_11
                0x0000000000002a0e                bitisset
                0x0000000000002a24                spitout
                0x0000000000002a42                toggle_led
                0x0000000000002a4e                start_timer0
 .text          0x0000000000002a62       0x86 CO.o
                0x0000000000002a62                Init_CO
                0x0000000000002abc                CO_to_temp
 .text          0x0000000000002ae8       0x8e SHT25.o
                0x0000000000002ae8                ReadSHT25
 .text          0x0000000000002b76      0x110 CO2_serial.o
                0x0000000000002b76                init_CO2
                0x0000000000002bba                get_CO2
 .text          0x0000000000002c86      0x128 10_bit.o
                0x0000000000002cb2                __vector_16
                0x0000000000002d32                adc_init
                0x0000000000002d3e                read_adc_onboard
 .text          0x0000000000002dae      0x13c non_vol.o
                0x0000000000002dae                read_write_stored
 .text          0x0000000000002eea        0x0 /usr/lib/gcc/avr/4.5.3/../../../avr/lib/avr5/libm.a(addsf3.o)
 .text          0x0000000000002eea        0x0 /usr/lib/gcc/avr/4.5.3/../../../avr/lib/avr5/libm.a(addsf3x.o)
 .text          0x0000000000002eea        0x0 /usr/lib/gcc/avr/4.5.3/../../../avr/lib/avr5/libm.a(cmpsf2.o)
 .text          0x0000000000002eea        0x0 /usr/lib/gcc/avr/4.5.3/../../../avr/lib/avr5/libm.a(floatsisf.o)
 .text          0x0000000000002eea        0x0 /usr/lib/gcc/avr/4.5.3/../../../avr/lib/avr5/libm.a(fp_cmp.o)
 .text          0x0000000000002eea        0x0 /usr/lib/gcc/avr/4.5.3/../../../avr/lib/avr5/libm.a(fp_inf.o)
 .text          0x0000000000002eea        0x0 /usr/lib/gcc/avr/4.5.3/../../../avr/lib/avr5/libm.a(fp_nan.o)
 .text          0x0000000000002eea        0x0 /usr/lib/gcc/avr/4.5.3/../../../avr/lib/avr5/libm.a(fp_pscA.o)
 .text          0x0000000000002eea        0x0 /usr/lib/gcc/avr/4.5.3/../../../avr/lib/avr5/libm.a(fp_pscB.o)
 .text          0x0000000000002eea        0x0 /usr/lib/gcc/avr/4.5.3/../../../avr/lib/avr5/libm.a(fp_round.o)
 .text          0x0000000000002eea        0x0 /usr/lib/gcc/avr/4.5.3/../../../avr/lib/avr5/libm.a(fp_split3.o)
 .text          0x0000000000002eea        0x0 /usr/lib/gcc/avr/4.5.3/../../../avr/lib/avr5/libm.a(fp_zero.o)
 .text          0x0000000000002eea        0x0 /usr/lib/gcc/avr/4.5.3/../../../avr/lib/avr5/libm.a(gesf2.o)
 .text          0x0000000000002eea        0x0 /usr/lib/gcc/avr/4.5.3/../../../avr/lib/avr5/libm.a(mulsf3.o)
 .text          0x0000000000002eea        0x0 /usr/lib/gcc/avr/4.5.3/../../../avr/lib/avr5/libm.a(mulsf3x.o)
 .text          0x0000000000002eea        0x0 /usr/lib/gcc/avr/4.5.3/../../../avr/lib/avr5/libc.a(dtostrf.o)
 .text          0x0000000000002eea        0x0 /usr/lib/gcc/avr/4.5.3/../../../avr/lib/avr5/libc.a(strtod.o)
 .text          0x0000000000002eea        0x0 /usr/lib/gcc/avr/4.5.3/../../../avr/lib/avr5/libc.a(strtoul.o)
 .text          0x0000000000002eea        0x0 /usr/lib/gcc/avr/4.5.3/../../../avr/lib/avr5/libc.a(atoi.o)
 .text          0x0000000000002eea        0x0 /usr/lib/gcc/avr/4.5.3/../../../avr/lib/avr5/libc.a(exit.o)
 .text          0x0000000000002eea        0x0 /usr/lib/gcc/avr/4.5.3/../../../avr/lib/avr5/libc.a(isspace.o)
 .text          0x0000000000002eea        0x0 /usr/lib/gcc/avr/4.5.3/../../../avr/lib/avr5/libc.a(strcmp_P.o)
 .text          0x0000000000002eea        0x0 /usr/lib/gcc/avr/4.5.3/../../../avr/lib/avr5/libc.a(strncasecmp_P.o)
 .text          0x0000000000002eea        0x0 /usr/lib/gcc/avr/4.5.3/../../../avr/lib/avr5/libc.a(memset.o)
 .text          0x0000000000002eea        0x0 /usr/lib/gcc/avr/4.5.3/../../../avr/lib/avr5/libc.a(strcat.o)
 .text          0x0000000000002eea        0x0 /usr/lib/gcc/avr/4.5.3/../../../avr/lib/avr5/libc.a(strcpy.o)
 .text          0x0000000000002eea        0x0 /usr/lib/gcc/avr/4.5.3/../../../avr/lib/avr5/libc.a(itoa.o)
 .text          0x0000000000002eea        0x0 /usr/lib/gcc/avr/4.5.3/../../../avr/lib/avr5/libc.a(mul10.o)
 .text          0x0000000000002eea        0x0 /usr/lib/gcc/avr/4.5.3/../../../avr/lib/avr5/libc.a(ultoa.o)
 .text          0x0000000000002eea        0x0 /usr/lib/gcc/avr/4.5.3/../../../avr/lib/avr5/libc.a(sprintf.o)
 .text          0x0000000000002eea        0x0 /usr/lib/gcc/avr/4.5.3/../../../avr/lib/avr5/libc.a(vfprintf_std.o)
 .text          0x0000000000002eea        0x0 /usr/lib/gcc/avr/4.5.3/../../../avr/lib/avr5/libc.a(eerd_block_atmega32.o)
 .text          0x0000000000002eea        0x0 /usr/lib/gcc/avr/4.5.3/../../../avr/lib/avr5/libc.a(eerd_byte_atmega32.o)
 .text          0x0000000000002eea        0x0 /usr/lib/gcc/avr/4.5.3/../../../avr/lib/avr5/libc.a(eewr_block_atmega32.o)
 .text          0x0000000000002eea        0x0 /usr/lib/gcc/avr/4.5.3/../../../avr/lib/avr5/libc.a(eewr_byte_atmega32.o)
 .text          0x0000000000002eea        0x0 /usr/lib/gcc/avr/4.5.3/../../../avr/lib/avr5/libc.a(errno.o)
 .text          0x0000000000002eea        0x0 /usr/lib/gcc/avr/4.5.3/../../../avr/lib/avr5/libc.a(dtoa_prf.o)
 .text          0x0000000000002eea        0x0 /usr/lib/gcc/avr/4.5.3/../../../avr/lib/avr5/libc.a(ftoa_engine.o)
 .text          0x0000000000002eea        0x0 /usr/lib/gcc/avr/4.5.3/../../../avr/lib/avr5/libc.a(cty_isfalse.o)
 .text          0x0000000000002eea        0x0 /usr/lib/gcc/avr/4.5.3/../../../avr/lib/avr5/libc.a(strnlen_P.o)
 .text          0x0000000000002eea        0x0 /usr/lib/gcc/avr/4.5.3/../../../avr/lib/avr5/libc.a(strnlen.o)
 .text          0x0000000000002eea        0x0 /usr/lib/gcc/avr/4.5.3/../../../avr/lib/avr5/libc.a(strrev.o)
 .text          0x0000000000002eea        0x0 /usr/lib/gcc/avr/4.5.3/../../../avr/lib/avr5/libc.a(fputc.o)
 .text          0x0000000000002eea        0x0 /usr/lib/gcc/avr/4.5.3/../../../avr/lib/avr5/libc.a(ultoa_invert.o)
 .text          0x0000000000002eea        0x0 /usr/lib/gcc/avr/4.5.3/avr5/libgcc.a(_mulsi3.o)
 .text          0x0000000000002eea        0x0 /usr/lib/gcc/avr/4.5.3/avr5/libgcc.a(_udivmodqi4.o)
 .text          0x0000000000002eea        0x0 /usr/lib/gcc/avr/4.5.3/avr5/libgcc.a(_udivmodhi4.o)
 .text          0x0000000000002eea        0x0 /usr/lib/gcc/avr/4.5.3/avr5/libgcc.a(_udivmodsi4.o)
 .text          0x0000000000002eea        0x0 /usr/lib/gcc/avr/4.5.3/avr5/libgcc.a(_prologue.o)
 .text          0x0000000000002eea        0x0 /usr/lib/gcc/avr/4.5.3/avr5/libgcc.a(_epilogue.o)
 .text          0x0000000000002eea        0x0 /usr/lib/gcc/avr/4.5.3/avr5/libgcc.a(_exit.o)
 .text          0x0000000000002eea        0x0 /usr/lib/gcc/avr/4.5.3/avr5/libgcc.a(_copy_data.o)
 .text          0x0000000000002eea        0x0 /usr/lib/gcc/avr/4.5.3/avr5/libgcc.a(_clear_bss.o)
                0x0000000000002eea                . = ALIGN (0x2)
 *(.text.*)
 .text.avr-libc.fplib
                0x0000000000002eea        0xa /usr/lib/gcc/avr/4.5.3/../../../avr/lib/avr5/libm.a(addsf3.o)
                0x0000000000002eea                __subsf3
                0x0000000000002eec                __addsf3
 .text.avr-libc.fplib
                0x0000000000002ef4       0xc0 /usr/lib/gcc/avr/4.5.3/../../../avr/lib/avr5/libm.a(addsf3x.o)
                0x0000000000002f0e                __addsf3x
 .text.avr-libc.fplib
                0x0000000000002fb4        0x8 /usr/lib/gcc/avr/4.5.3/../../../avr/lib/avr5/libm.a(cmpsf2.o)
                0x0000000000002fb4                __lesf2
                0x0000000000002fb4                __nesf2
                0x0000000000002fb4                __eqsf2
                0x0000000000002fb4                __cmpsf2
                0x0000000000002fb4                __ltsf2
 .text.avr-libc.fplib
                0x0000000000002fbc       0x7a /usr/lib/gcc/avr/4.5.3/../../../avr/lib/avr5/libm.a(floatsisf.o)
                0x0000000000002fbc                __floatunsisf
                0x0000000000002fc0                __floatsisf
 .text.avr-libc.fplib
                0x0000000000003036       0x48 /usr/lib/gcc/avr/4.5.3/../../../avr/lib/avr5/libm.a(fp_cmp.o)
                0x0000000000003036                __fp_cmp
 .text.avr-libc.fplib
                0x000000000000307e        0xc /usr/lib/gcc/avr/4.5.3/../../../avr/lib/avr5/libm.a(fp_inf.o)
                0x000000000000307e                __fp_inf
 .text.avr-libc.fplib
                0x000000000000308a        0x6 /usr/lib/gcc/avr/4.5.3/../../../avr/lib/avr5/libm.a(fp_nan.o)
                0x000000000000308a                __fp_nan
 .text.avr-libc.fplib
                0x0000000000003090        0xe /usr/lib/gcc/avr/4.5.3/../../../avr/lib/avr5/libm.a(fp_pscA.o)
                0x0000000000003090                __fp_pscA
 .text.avr-libc.fplib
                0x000000000000309e        0xe /usr/lib/gcc/avr/4.5.3/../../../avr/lib/avr5/libm.a(fp_pscB.o)
                0x000000000000309e                __fp_pscB
 .text.avr-libc.fplib
                0x00000000000030ac       0x22 /usr/lib/gcc/avr/4.5.3/../../../avr/lib/avr5/libm.a(fp_round.o)
                0x00000000000030ac                __fp_round
 .text.avr-libc.fplib
                0x00000000000030ce       0x44 /usr/lib/gcc/avr/4.5.3/../../../avr/lib/avr5/libm.a(fp_split3.o)
                0x00000000000030ce                __fp_split3
                0x00000000000030de                __fp_splitA
 .text.avr-libc.fplib
                0x0000000000003112        0xe /usr/lib/gcc/avr/4.5.3/../../../avr/lib/avr5/libm.a(fp_zero.o)
                0x0000000000003112                __fp_zero
                0x0000000000003114                __fp_szero
 .text.avr-libc.fplib
                0x0000000000003120        0x8 /usr/lib/gcc/avr/4.5.3/../../../avr/lib/avr5/libm.a(gesf2.o)
                0x0000000000003120                __gtsf2
                0x0000000000003120                __gesf2
 .text.avr-libc.fplib
                0x0000000000003128        0x4 /usr/lib/gcc/avr/4.5.3/../../../avr/lib/avr5/libm.a(mulsf3.o)
                0x0000000000003128                __mulsf3
 .text.avr-libc.fplib
                0x000000000000312c       0xc2 /usr/lib/gcc/avr/4.5.3/../../../avr/lib/avr5/libm.a(mulsf3x.o)
                0x0000000000003140                __mulsf3x
                0x0000000000003144                __mulsf3_pse
 .text.avr-libc
                0x00000000000031ee       0x44 /usr/lib/gcc/avr/4.5.3/../../../avr/lib/avr5/libc.a(dtostrf.o)
                0x00000000000031ee                dtostrf
 .text.avr-libc
                0x0000000000003232      0x2ee /usr/lib/gcc/avr/4.5.3/../../../avr/lib/avr5/libc.a(strtod.o)
                0x0000000000003232                strtod
 .text.avr-libc
                0x0000000000003520      0x21c /usr/lib/gcc/avr/4.5.3/../../../avr/lib/avr5/libc.a(strtoul.o)
                0x0000000000003520                strtoul
 .text.avr-libc
                0x000000000000373c       0x3c /usr/lib/gcc/avr/4.5.3/../../../avr/lib/avr5/libc.a(atoi.o)
                0x000000000000373c                atoi
 .text.avr-libc
                0x0000000000003778        0x6 /usr/lib/gcc/avr/4.5.3/../../../avr/lib/avr5/libc.a(exit.o)
                0x0000000000003778                exit
 .text.avr-libc
                0x000000000000377e       0x10 /usr/lib/gcc/avr/4.5.3/../../../avr/lib/avr5/libc.a(isspace.o)
                0x000000000000377e                isspace
 .text.avr-libc
                0x000000000000378e       0x12 /usr/lib/gcc/avr/4.5.3/../../../avr/lib/avr5/libc.a(strcmp_P.o)
                0x000000000000378e                strcmp_P
 .text.avr-libc
                0x00000000000037a0       0x30 /usr/lib/gcc/avr/4.5.3/../../../avr/lib/avr5/libc.a(strncasecmp_P.o)
                0x00000000000037a0                strncasecmp_P
 .text.avr-libc
                0x00000000000037d0        0xe /usr/lib/gcc/avr/4.5.3/../../../avr/lib/avr5/libc.a(memset.o)
                0x00000000000037d0                memset
 .text.avr-libc
                0x00000000000037de       0x16 /usr/lib/gcc/avr/4.5.3/../../../avr/lib/avr5/libc.a(strcat.o)
                0x00000000000037de                strcat
 .text.avr-libc
                0x00000000000037f4        0xe /usr/lib/gcc/avr/4.5.3/../../../avr/lib/avr5/libc.a(strcpy.o)
                0x00000000000037f4                strcpy
 .text.avr-libc
                0x0000000000003802       0x42 /usr/lib/gcc/avr/4.5.3/../../../avr/lib/avr5/libc.a(itoa.o)
                0x0000000000003802                itoa
 .text.avr-libc
                0x0000000000003844       0x10 /usr/lib/gcc/avr/4.5.3/../../../avr/lib/avr5/libc.a(mul10.o)
                0x0000000000003844                __mulhi_const_10
 .text.avr-libc
                0x0000000000003854       0x4a /usr/lib/gcc/avr/4.5.3/../../../avr/lib/avr5/libc.a(ultoa.o)
                0x0000000000003854                ultoa
 .text.avr-libc
                0x000000000000389e       0x46 /usr/lib/gcc/avr/4.5.3/../../../avr/lib/avr5/libc.a(sprintf.o)
                0x000000000000389e                sprintf
 .text.avr-libc
                0x00000000000038e4      0x3ce /usr/lib/gcc/avr/4.5.3/../../../avr/lib/avr5/libc.a(vfprintf_std.o)
                0x00000000000038e4                vfprintf
 .text.avr-libc
                0x0000000000003cb2       0x20 /usr/lib/gcc/avr/4.5.3/../../../avr/lib/avr5/libc.a(eerd_block_atmega32.o)
                0x0000000000003cb2                __eerd_block_m32
                0x0000000000003cb6                __eerd_blraw_m32
 .text.avr-libc
                0x0000000000003cd2       0x10 /usr/lib/gcc/avr/4.5.3/../../../avr/lib/avr5/libc.a(eerd_byte_atmega32.o)
                0x0000000000003cd2                __eerd_byte_m32
 .text.avr-libc
                0x0000000000003ce2       0x14 /usr/lib/gcc/avr/4.5.3/../../../avr/lib/avr5/libc.a(eewr_block_atmega32.o)
                0x0000000000003ce2                __eewr_block_m32
 .text.avr-libc
                0x0000000000003cf6       0x1a /usr/lib/gcc/avr/4.5.3/../../../avr/lib/avr5/libc.a(eewr_byte_atmega32.o)
                0x0000000000003cf6                __eewr_byte_m32
                0x0000000000003cf8                __eewr_r18_m32
 .text.avr-libc
                0x0000000000003d10      0x2ae /usr/lib/gcc/avr/4.5.3/../../../avr/lib/avr5/libc.a(dtoa_prf.o)
                0x0000000000003d10                dtoa_prf
 .text.avr-libc
                0x0000000000003fbe      0x1b0 /usr/lib/gcc/avr/4.5.3/../../../avr/lib/avr5/libc.a(ftoa_engine.o)
                0x0000000000003fbe                __ftoa_engine
 .text.avr-libc
                0x000000000000416e        0x6 /usr/lib/gcc/avr/4.5.3/../../../avr/lib/avr5/libc.a(cty_isfalse.o)
                0x000000000000416e                __ctype_isfalse
                0x0000000000004172                __ctype_istrue
 .text.avr-libc
                0x0000000000004174       0x16 /usr/lib/gcc/avr/4.5.3/../../../avr/lib/avr5/libc.a(strnlen_P.o)
                0x0000000000004174                strnlen_P
 .text.avr-libc
                0x000000000000418a       0x16 /usr/lib/gcc/avr/4.5.3/../../../avr/lib/avr5/libc.a(strnlen.o)
                0x000000000000418a                strnlen
 .text.avr-libc
                0x00000000000041a0       0x20 /usr/lib/gcc/avr/4.5.3/../../../avr/lib/avr5/libc.a(strrev.o)
                0x00000000000041a0                strrev
 .text.avr-libc
                0x00000000000041c0       0x58 /usr/lib/gcc/avr/4.5.3/../../../avr/lib/avr5/libc.a(fputc.o)
                0x00000000000041c0                fputc
 .text.avr-libc
                0x0000000000004218       0xbc /usr/lib/gcc/avr/4.5.3/../../../avr/lib/avr5/libc.a(ultoa_invert.o)
                0x0000000000004218                __ultoa_invert
 .text.libgcc   0x00000000000042d4       0x3e /usr/lib/gcc/avr/4.5.3/avr5/libgcc.a(_mulsi3.o)
                0x00000000000042d4                __mulsi3
 .text.libgcc   0x0000000000004312       0x18 /usr/lib/gcc/avr/4.5.3/avr5/libgcc.a(_udivmodqi4.o)
                0x0000000000004312                __udivmodqi4
 .text.libgcc   0x000000000000432a       0x28 /usr/lib/gcc/avr/4.5.3/avr5/libgcc.a(_udivmodhi4.o)
                0x000000000000432a                __udivmodhi4
 .text.libgcc   0x0000000000004352       0x44 /usr/lib/gcc/avr/4.5.3/avr5/libgcc.a(_udivmodsi4.o)
                0x0000000000004352                __udivmodsi4
 .text.libgcc   0x0000000000004396       0x38 /usr/lib/gcc/avr/4.5.3/avr5/libgcc.a(_prologue.o)
                0x0000000000004396                __prologue_saves__
 .text.libgcc   0x00000000000043ce       0x36 /usr/lib/gcc/avr/4.5.3/avr5/libgcc.a(_epilogue.o)
                0x00000000000043ce                __epilogue_restores__
 .text.libgcc   0x0000000000004404        0x0 /usr/lib/gcc/avr/4.5.3/avr5/libgcc.a(_exit.o)
 .text.libgcc   0x0000000000004404        0x0 /usr/lib/gcc/avr/4.5.3/avr5/libgcc.a(_copy_data.o)
 .text.libgcc   0x0000000000004404        0x0 /usr/lib/gcc/avr/4.5.3/avr5/libgcc.a(_clear_bss.o)
                0x0000000000004404                . = ALIGN (0x2)
 *(.fini9)
 .fini9         0x0000000000004404        0x0 /usr/lib/gcc/avr/4.5.3/avr5/libgcc.a(_exit.o)
                0x0000000000004404                _exit
 *(.fini9)
 *(.fini8)
 *(.fini8)
 *(.fini7)
 *(.fini7)
 *(.fini6)
 *(.fini6)
 *(.fini5)
 *(.fini5)
 *(.fini4)
 *(.fini4)
 *(.fini3)
 *(.fini3)
 *(.fini2)
 *(.fini2)
 *(.fini1)
 *(.fini1)
 *(.fini0)
 .fini0         0x0000000000004404        0x4 /usr/lib/gcc/avr/4.5.3/avr5/libgcc.a(_exit.o)
 *(.fini0)
                0x0000000000004408                _etext = .

.data           0x0000000000800060       0x7c load address 0x0000000000004408
                0x0000000000800060                PROVIDE (__data_start, .)
 *(.data)
 .data          0x0000000000800060        0x0 /usr/lib/gcc/avr/4.5.3/../../../avr/lib/avr5/crtm32.o
 .data          0x0000000000800060       0x34 main.o
 .data          0x0000000000800094        0x0 twimaster.o
 .data          0x0000000000800094        0x0 suart.o
 .data          0x0000000000800094        0x0 uart.o
 .data          0x0000000000800094        0xf inputs.o
 .data          0x00000000008000a3       0x1a i2c_rtc.o
                0x00000000008000a3                rtc_days
 .data          0x00000000008000bd        0x0 sixteen_bit.o
 .data          0x00000000008000bd        0x0 utilities.o
 .data          0x00000000008000bd        0x0 CO.o
 .data          0x00000000008000bd        0x0 SHT25.o
 .data          0x00000000008000bd       0x1e CO2_serial.o
 .data          0x00000000008000db        0x0 10_bit.o
 .data          0x00000000008000db        0x0 non_vol.o
 .data          0x00000000008000db        0x0 /usr/lib/gcc/avr/4.5.3/../../../avr/lib/avr5/libm.a(addsf3.o)
 .data          0x00000000008000db        0x0 /usr/lib/gcc/avr/4.5.3/../../../avr/lib/avr5/libm.a(addsf3x.o)
 .data          0x00000000008000db        0x0 /usr/lib/gcc/avr/4.5.3/../../../avr/lib/avr5/libm.a(cmpsf2.o)
 .data          0x00000000008000db        0x0 /usr/lib/gcc/avr/4.5.3/../../../avr/lib/avr5/libm.a(floatsisf.o)
 .data          0x00000000008000db        0x0 /usr/lib/gcc/avr/4.5.3/../../../avr/lib/avr5/libm.a(fp_cmp.o)
 .data          0x00000000008000db        0x0 /usr/lib/gcc/avr/4.5.3/../../../avr/lib/avr5/libm.a(fp_inf.o)
 .data          0x00000000008000db        0x0 /usr/lib/gcc/avr/4.5.3/../../../avr/lib/avr5/libm.a(fp_nan.o)
 .data          0x00000000008000db        0x0 /usr/lib/gcc/avr/4.5.3/../../../avr/lib/avr5/libm.a(fp_pscA.o)
 .data          0x00000000008000db        0x0 /usr/lib/gcc/avr/4.5.3/../../../avr/lib/avr5/libm.a(fp_pscB.o)
 .data          0x00000000008000db        0x0 /usr/lib/gcc/avr/4.5.3/../../../avr/lib/avr5/libm.a(fp_round.o)
 .data          0x00000000008000db        0x0 /usr/lib/gcc/avr/4.5.3/../../../avr/lib/avr5/libm.a(fp_split3.o)
 .data          0x00000000008000db        0x0 /usr/lib/gcc/avr/4.5.3/../../../avr/lib/avr5/libm.a(fp_zero.o)
 .data          0x00000000008000db        0x0 /usr/lib/gcc/avr/4.5.3/../../../avr/lib/avr5/libm.a(gesf2.o)
 .data          0x00000000008000db        0x0 /usr/lib/gcc/avr/4.5.3/../../../avr/lib/avr5/libm.a(mulsf3.o)
 .data          0x00000000008000db        0x0 /usr/lib/gcc/avr/4.5.3/../../../avr/lib/avr5/libm.a(mulsf3x.o)
 .data          0x00000000008000db        0x0 /usr/lib/gcc/avr/4.5.3/../../../avr/lib/avr5/libc.a(dtostrf.o)
 .data          0x00000000008000db        0x0 /usr/lib/gcc/avr/4.5.3/../../../avr/lib/avr5/libc.a(strtod.o)
 .data          0x00000000008000db        0x0 /usr/lib/gcc/avr/4.5.3/../../../avr/lib/avr5/libc.a(strtoul.o)
 .data          0x00000000008000db        0x0 /usr/lib/gcc/avr/4.5.3/../../../avr/lib/avr5/libc.a(atoi.o)
 .data          0x00000000008000db        0x0 /usr/lib/gcc/avr/4.5.3/../../../avr/lib/avr5/libc.a(exit.o)
 .data          0x00000000008000db        0x0 /usr/lib/gcc/avr/4.5.3/../../../avr/lib/avr5/libc.a(isspace.o)
 .data          0x00000000008000db        0x0 /usr/lib/gcc/avr/4.5.3/../../../avr/lib/avr5/libc.a(strcmp_P.o)
 .data          0x00000000008000db        0x0 /usr/lib/gcc/avr/4.5.3/../../../avr/lib/avr5/libc.a(strncasecmp_P.o)
 .data          0x00000000008000db        0x0 /usr/lib/gcc/avr/4.5.3/../../../avr/lib/avr5/libc.a(memset.o)
 .data          0x00000000008000db        0x0 /usr/lib/gcc/avr/4.5.3/../../../avr/lib/avr5/libc.a(strcat.o)
 .data          0x00000000008000db        0x0 /usr/lib/gcc/avr/4.5.3/../../../avr/lib/avr5/libc.a(strcpy.o)
 .data          0x00000000008000db        0x0 /usr/lib/gcc/avr/4.5.3/../../../avr/lib/avr5/libc.a(itoa.o)
 .data          0x00000000008000db        0x0 /usr/lib/gcc/avr/4.5.3/../../../avr/lib/avr5/libc.a(mul10.o)
 .data          0x00000000008000db        0x0 /usr/lib/gcc/avr/4.5.3/../../../avr/lib/avr5/libc.a(ultoa.o)
 .data          0x00000000008000db        0x0 /usr/lib/gcc/avr/4.5.3/../../../avr/lib/avr5/libc.a(sprintf.o)
 .data          0x00000000008000db        0x0 /usr/lib/gcc/avr/4.5.3/../../../avr/lib/avr5/libc.a(vfprintf_std.o)
 .data          0x00000000008000db        0x0 /usr/lib/gcc/avr/4.5.3/../../../avr/lib/avr5/libc.a(eerd_block_atmega32.o)
 .data          0x00000000008000db        0x0 /usr/lib/gcc/avr/4.5.3/../../../avr/lib/avr5/libc.a(eerd_byte_atmega32.o)
 .data          0x00000000008000db        0x0 /usr/lib/gcc/avr/4.5.3/../../../avr/lib/avr5/libc.a(eewr_block_atmega32.o)
 .data          0x00000000008000db        0x0 /usr/lib/gcc/avr/4.5.3/../../../avr/lib/avr5/libc.a(eewr_byte_atmega32.o)
 .data          0x00000000008000db        0x0 /usr/lib/gcc/avr/4.5.3/../../../avr/lib/avr5/libc.a(errno.o)
 .data          0x00000000008000db        0x0 /usr/lib/gcc/avr/4.5.3/../../../avr/lib/avr5/libc.a(dtoa_prf.o)
 .data          0x00000000008000db        0x0 /usr/lib/gcc/avr/4.5.3/../../../avr/lib/avr5/libc.a(ftoa_engine.o)
 .data          0x00000000008000db        0x0 /usr/lib/gcc/avr/4.5.3/../../../avr/lib/avr5/libc.a(cty_isfalse.o)
 .data          0x00000000008000db        0x0 /usr/lib/gcc/avr/4.5.3/../../../avr/lib/avr5/libc.a(strnlen_P.o)
 .data          0x00000000008000db        0x0 /usr/lib/gcc/avr/4.5.3/../../../avr/lib/avr5/libc.a(strnlen.o)
 .data          0x00000000008000db        0x0 /usr/lib/gcc/avr/4.5.3/../../../avr/lib/avr5/libc.a(strrev.o)
 .data          0x00000000008000db        0x0 /usr/lib/gcc/avr/4.5.3/../../../avr/lib/avr5/libc.a(fputc.o)
 .data          0x00000000008000db        0x0 /usr/lib/gcc/avr/4.5.3/../../../avr/lib/avr5/libc.a(ultoa_invert.o)
 .data          0x00000000008000db        0x0 /usr/lib/gcc/avr/4.5.3/avr5/libgcc.a(_mulsi3.o)
 .data          0x00000000008000db        0x0 /usr/lib/gcc/avr/4.5.3/avr5/libgcc.a(_udivmodqi4.o)
 .data          0x00000000008000db        0x0 /usr/lib/gcc/avr/4.5.3/avr5/libgcc.a(_udivmodhi4.o)
 .data          0x00000000008000db        0x0 /usr/lib/gcc/avr/4.5.3/avr5/libgcc.a(_udivmodsi4.o)
 .data          0x00000000008000db        0x0 /usr/lib/gcc/avr/4.5.3/avr5/libgcc.a(_prologue.o)
 .data          0x00000000008000db        0x0 /usr/lib/gcc/avr/4.5.3/avr5/libgcc.a(_epilogue.o)
 .data          0x00000000008000db        0x0 /usr/lib/gcc/avr/4.5.3/avr5/libgcc.a(_exit.o)
 .data          0x00000000008000db        0x0 /usr/lib/gcc/avr/4.5.3/avr5/libgcc.a(_copy_data.o)
 .data          0x00000000008000db        0x0 /usr/lib/gcc/avr/4.5.3/avr5/libgcc.a(_clear_bss.o)
 *(.data*)
 *(.rodata)
 *(.rodata*)
 *(.gnu.linkonce.d*)
                0x00000000008000dc                . = ALIGN (0x2)
 *fill*         0x00000000008000db        0x1 00
                0x00000000008000dc                _edata = .
                0x00000000008000dc                PROVIDE (__data_end, .)

.bss            0x00000000008000dc        0xc
                0x00000000008000dc                PROVIDE (__bss_start, .)
 *(.bss)
 .bss           0x00000000008000dc        0x0 /usr/lib/gcc/avr/4.5.3/../../../avr/lib/avr5/crtm32.o
 .bss           0x00000000008000dc        0x0 main.o
 .bss           0x00000000008000dc        0x1 twimaster.o
                0x00000000008000dc                i2c_timeout_flag
 .bss           0x00000000008000dd        0x0 suart.o
 .bss           0x00000000008000dd        0x0 uart.o
 .bss           0x00000000008000dd        0x0 inputs.o
 .bss           0x00000000008000dd        0x0 i2c_rtc.o
 .bss           0x00000000008000dd        0x0 sixteen_bit.o
 .bss           0x00000000008000dd        0x0 utilities.o
 .bss           0x00000000008000dd        0x0 CO.o
 .bss           0x00000000008000dd        0x0 SHT25.o
 .bss           0x00000000008000dd        0x0 CO2_serial.o
 .bss           0x00000000008000dd        0x4 10_bit.o
 .bss           0x00000000008000e1        0x0 non_vol.o
 .bss           0x00000000008000e1        0x0 /usr/lib/gcc/avr/4.5.3/../../../avr/lib/avr5/libm.a(addsf3.o)
 .bss           0x00000000008000e1        0x0 /usr/lib/gcc/avr/4.5.3/../../../avr/lib/avr5/libm.a(addsf3x.o)
 .bss           0x00000000008000e1        0x0 /usr/lib/gcc/avr/4.5.3/../../../avr/lib/avr5/libm.a(cmpsf2.o)
 .bss           0x00000000008000e1        0x0 /usr/lib/gcc/avr/4.5.3/../../../avr/lib/avr5/libm.a(floatsisf.o)
 .bss           0x00000000008000e1        0x0 /usr/lib/gcc/avr/4.5.3/../../../avr/lib/avr5/libm.a(fp_cmp.o)
 .bss           0x00000000008000e1        0x0 /usr/lib/gcc/avr/4.5.3/../../../avr/lib/avr5/libm.a(fp_inf.o)
 .bss           0x00000000008000e1        0x0 /usr/lib/gcc/avr/4.5.3/../../../avr/lib/avr5/libm.a(fp_nan.o)
 .bss           0x00000000008000e1        0x0 /usr/lib/gcc/avr/4.5.3/../../../avr/lib/avr5/libm.a(fp_pscA.o)
 .bss           0x00000000008000e1        0x0 /usr/lib/gcc/avr/4.5.3/../../../avr/lib/avr5/libm.a(fp_pscB.o)
 .bss           0x00000000008000e1        0x0 /usr/lib/gcc/avr/4.5.3/../../../avr/lib/avr5/libm.a(fp_round.o)
 .bss           0x00000000008000e1        0x0 /usr/lib/gcc/avr/4.5.3/../../../avr/lib/avr5/libm.a(fp_split3.o)
 .bss           0x00000000008000e1        0x0 /usr/lib/gcc/avr/4.5.3/../../../avr/lib/avr5/libm.a(fp_zero.o)
 .bss           0x00000000008000e1        0x0 /usr/lib/gcc/avr/4.5.3/../../../avr/lib/avr5/libm.a(gesf2.o)
 .bss           0x00000000008000e1        0x0 /usr/lib/gcc/avr/4.5.3/../../../avr/lib/avr5/libm.a(mulsf3.o)
 .bss           0x00000000008000e1        0x0 /usr/lib/gcc/avr/4.5.3/../../../avr/lib/avr5/libm.a(mulsf3x.o)
 .bss           0x00000000008000e1        0x0 /usr/lib/gcc/avr/4.5.3/../../../avr/lib/avr5/libc.a(dtostrf.o)
 .bss           0x00000000008000e1        0x0 /usr/lib/gcc/avr/4.5.3/../../../avr/lib/avr5/libc.a(strtod.o)
 .bss           0x00000000008000e1        0x0 /usr/lib/gcc/avr/4.5.3/../../../avr/lib/avr5/libc.a(strtoul.o)
 .bss           0x00000000008000e1        0x0 /usr/lib/gcc/avr/4.5.3/../../../avr/lib/avr5/libc.a(atoi.o)
 .bss           0x00000000008000e1        0x0 /usr/lib/gcc/avr/4.5.3/../../../avr/lib/avr5/libc.a(exit.o)
 .bss           0x00000000008000e1        0x0 /usr/lib/gcc/avr/4.5.3/../../../avr/lib/avr5/libc.a(isspace.o)
 .bss           0x00000000008000e1        0x0 /usr/lib/gcc/avr/4.5.3/../../../avr/lib/avr5/libc.a(strcmp_P.o)
 .bss           0x00000000008000e1        0x0 /usr/lib/gcc/avr/4.5.3/../../../avr/lib/avr5/libc.a(strncasecmp_P.o)
 .bss           0x00000000008000e1        0x0 /usr/lib/gcc/avr/4.5.3/../../../avr/lib/avr5/libc.a(memset.o)
 .bss           0x00000000008000e1        0x0 /usr/lib/gcc/avr/4.5.3/../../../avr/lib/avr5/libc.a(strcat.o)
 .bss           0x00000000008000e1        0x0 /usr/lib/gcc/avr/4.5.3/../../../avr/lib/avr5/libc.a(strcpy.o)
 .bss           0x00000000008000e1        0x0 /usr/lib/gcc/avr/4.5.3/../../../avr/lib/avr5/libc.a(itoa.o)
 .bss           0x00000000008000e1        0x0 /usr/lib/gcc/avr/4.5.3/../../../avr/lib/avr5/libc.a(mul10.o)
 .bss           0x00000000008000e1        0x0 /usr/lib/gcc/avr/4.5.3/../../../avr/lib/avr5/libc.a(ultoa.o)
 .bss           0x00000000008000e1        0x0 /usr/lib/gcc/avr/4.5.3/../../../avr/lib/avr5/libc.a(sprintf.o)
 .bss           0x00000000008000e1        0x0 /usr/lib/gcc/avr/4.5.3/../../../avr/lib/avr5/libc.a(vfprintf_std.o)
 .bss           0x00000000008000e1        0x0 /usr/lib/gcc/avr/4.5.3/../../../avr/lib/avr5/libc.a(eerd_block_atmega32.o)
 .bss           0x00000000008000e1        0x0 /usr/lib/gcc/avr/4.5.3/../../../avr/lib/avr5/libc.a(eerd_byte_atmega32.o)
 .bss           0x00000000008000e1        0x0 /usr/lib/gcc/avr/4.5.3/../../../avr/lib/avr5/libc.a(eewr_block_atmega32.o)
 .bss           0x00000000008000e1        0x0 /usr/lib/gcc/avr/4.5.3/../../../avr/lib/avr5/libc.a(eewr_byte_atmega32.o)
 .bss           0x00000000008000e1        0x0 /usr/lib/gcc/avr/4.5.3/../../../avr/lib/avr5/libc.a(errno.o)
 .bss           0x00000000008000e1        0x0 /usr/lib/gcc/avr/4.5.3/../../../avr/lib/avr5/libc.a(dtoa_prf.o)
 .bss           0x00000000008000e1        0x0 /usr/lib/gcc/avr/4.5.3/../../../avr/lib/avr5/libc.a(ftoa_engine.o)
 .bss           0x00000000008000e1        0x0 /usr/lib/gcc/avr/4.5.3/../../../avr/lib/avr5/libc.a(cty_isfalse.o)
 .bss           0x00000000008000e1        0x0 /usr/lib/gcc/avr/4.5.3/../../../avr/lib/avr5/libc.a(strnlen_P.o)
 .bss           0x00000000008000e1        0x0 /usr/lib/gcc/avr/4.5.3/../../../avr/lib/avr5/libc.a(strnlen.o)
 .bss           0x00000000008000e1        0x0 /usr/lib/gcc/avr/4.5.3/../../../avr/lib/avr5/libc.a(strrev.o)
 .bss           0x00000000008000e1        0x0 /usr/lib/gcc/avr/4.5.3/../../../avr/lib/avr5/libc.a(fputc.o)
 .bss           0x00000000008000e1        0x0 /usr/lib/gcc/avr/4.5.3/../../../avr/lib/avr5/libc.a(ultoa_invert.o)
 .bss           0x00000000008000e1        0x0 /usr/lib/gcc/avr/4.5.3/avr5/libgcc.a(_mulsi3.o)
 .bss           0x00000000008000e1        0x0 /usr/lib/gcc/avr/4.5.3/avr5/libgcc.a(_udivmodqi4.o)
 .bss           0x00000000008000e1        0x0 /usr/lib/gcc/avr/4.5.3/avr5/libgcc.a(_udivmodhi4.o)
 .bss           0x00000000008000e1        0x0 /usr/lib/gcc/avr/4.5.3/avr5/libgcc.a(_udivmodsi4.o)
 .bss           0x00000000008000e1        0x0 /usr/lib/gcc/avr/4.5.3/avr5/libgcc.a(_prologue.o)
 .bss           0x00000000008000e1        0x0 /usr/lib/gcc/avr/4.5.3/avr5/libgcc.a(_epilogue.o)
 .bss           0x00000000008000e1        0x0 /usr/lib/gcc/avr/4.5.3/avr5/libgcc.a(_exit.o)
 .bss           0x00000000008000e1        0x0 /usr/lib/gcc/avr/4.5.3/avr5/libgcc.a(_copy_data.o)
 .bss           0x00000000008000e1        0x0 /usr/lib/gcc/avr/4.5.3/avr5/libgcc.a(_clear_bss.o)
 *(.bss*)
 *(COMMON)
 COMMON         0x00000000008000e1        0x1 main.o
                0x00000000008000e1                sixteen
 COMMON         0x00000000008000e2        0x2 sixteen_bit.o
                0x00000000008000e2                ADC_volts
 COMMON         0x00000000008000e4        0x2 utilities.o
                0x00000000008000e4                test_timer
                0x00000000008000e5                suart_timedout_flag
 COMMON         0x00000000008000e6        0x2 /usr/lib/gcc/avr/4.5.3/../../../avr/lib/avr5/libc.a(errno.o)
                0x00000000008000e6                errno
                0x00000000008000e8                PROVIDE (__bss_end, .)
                0x0000000000004408                __data_load_start = LOADADDR (.data)
                0x0000000000004484                __data_load_end = (__data_load_start + SIZEOF (.data))

.noinit         0x00000000008000e8        0x0
                0x00000000008000e8                PROVIDE (__noinit_start, .)
 *(.noinit*)
                0x00000000008000e8                PROVIDE (__noinit_end, .)
                0x00000000008000e8                _end = .
                0x00000000008000e8                PROVIDE (__heap_start, .)

.eeprom         0x0000000000810000      0x1e1
 *(.eeprom*)
 .eeprom        0x0000000000810000      0x1e1 non_vol.o
                0x0000000000810000                header_id
                0x0000000000810001                Names_eemem
                0x00000000008100a1                CalVals_eemem
                0x0000000000810141                Offset_eemem
                0x00000000008101e1                __eeprom_end = .

.fuse
 *(.fuse)
 *(.lfuse)
 *(.hfuse)
 *(.efuse)

.lock
 *(.lock*)

.signature
 *(.signature*)

.stab           0x0000000000000000     0xbea4
 *(.stab)
 .stab          0x0000000000000000      0x6cc /usr/lib/gcc/avr/4.5.3/../../../avr/lib/avr5/crtm32.o
 .stab          0x00000000000006cc     0x1680 main.o
                                       0x168c (size before relaxing)
 .stab          0x0000000000001d4c      0x66c twimaster.o
                                        0x828 (size before relaxing)
 .stab          0x00000000000023b8      0x8c4 suart.o
                                        0xb64 (size before relaxing)
 .stab          0x0000000000002c7c      0x9f0 uart.o
                                        0xcb4 (size before relaxing)
 .stab          0x000000000000366c      0xe10 inputs.o
                                       0x10f8 (size before relaxing)
 .stab          0x000000000000447c      0x90c i2c_rtc.o
                                        0xbdc (size before relaxing)
 .stab          0x0000000000004d88      0x4c8 sixteen_bit.o
                                        0x6e4 (size before relaxing)
 .stab          0x0000000000005250      0x3e4 utilities.o
                                        0x6b4 (size before relaxing)
 .stab          0x0000000000005634      0x300 CO.o
                                        0x4d4 (size before relaxing)
 .stab          0x0000000000005934      0x2b8 SHT25.o
                                        0x558 (size before relaxing)
 .stab          0x0000000000005bec      0x3d8 CO2_serial.o
                                        0x69c (size before relaxing)
 .stab          0x0000000000005fc4      0x438 10_bit.o
                                        0x654 (size before relaxing)
 .stab          0x00000000000063fc      0x2c4 non_vol.o
                                        0x5ac (size before relaxing)
 .stab          0x00000000000066c0       0x78 /usr/lib/gcc/avr/4.5.3/../../../avr/lib/avr5/libm.a(addsf3.o)
                                         0x84 (size before relaxing)
 .stab          0x0000000000006738      0x4bc /usr/lib/gcc/avr/4.5.3/../../../avr/lib/avr5/libm.a(addsf3x.o)
                                        0x4c8 (size before relaxing)
 .stab          0x0000000000006bf4       0x90 /usr/lib/gcc/avr/4.5.3/../../../avr/lib/avr5/libm.a(cmpsf2.o)
                                         0x9c (size before relaxing)
 .stab          0x0000000000006c84      0x318 /usr/lib/gcc/avr/4.5.3/../../../avr/lib/avr5/libm.a(floatsisf.o)
                                        0x324 (size before relaxing)
 .stab          0x0000000000006f9c      0x1e0 /usr/lib/gcc/avr/4.5.3/../../../avr/lib/avr5/libm.a(fp_cmp.o)
                                        0x1ec (size before relaxing)
 .stab          0x000000000000717c       0x78 /usr/lib/gcc/avr/4.5.3/../../../avr/lib/avr5/libm.a(fp_inf.o)
                                         0x84 (size before relaxing)
 .stab          0x00000000000071f4       0x54 /usr/lib/gcc/avr/4.5.3/../../../avr/lib/avr5/libm.a(fp_nan.o)
                                         0x60 (size before relaxing)
 .stab          0x0000000000007248       0x84 /usr/lib/gcc/avr/4.5.3/../../../avr/lib/avr5/libm.a(fp_pscA.o)
                                         0x90 (size before relaxing)
 .stab          0x00000000000072cc       0x84 /usr/lib/gcc/avr/4.5.3/../../../avr/lib/avr5/libm.a(fp_pscB.o)
                                         0x90 (size before relaxing)
 .stab          0x0000000000007350       0xfc /usr/lib/gcc/avr/4.5.3/../../../avr/lib/avr5/libm.a(fp_round.o)
                                        0x108 (size before relaxing)
 .stab          0x000000000000744c      0x1d4 /usr/lib/gcc/avr/4.5.3/../../../avr/lib/avr5/libm.a(fp_split3.o)
                                        0x1e0 (size before relaxing)
 .stab          0x0000000000007620       0x90 /usr/lib/gcc/avr/4.5.3/../../../avr/lib/avr5/libm.a(fp_zero.o)
                                         0x9c (size before relaxing)
 .stab          0x00000000000076b0       0x6c /usr/lib/gcc/avr/4.5.3/../../../avr/lib/avr5/libm.a(gesf2.o)
                                         0x78 (size before relaxing)
 .stab          0x000000000000771c       0x48 /usr/lib/gcc/avr/4.5.3/../../../avr/lib/avr5/libm.a(mulsf3.o)
                                         0x54 (size before relaxing)
 .stab          0x0000000000007764      0x4d4 /usr/lib/gcc/avr/4.5.3/../../../avr/lib/avr5/libm.a(mulsf3x.o)
                                        0x4e0 (size before relaxing)
 .stab          0x0000000000007c38      0x3b4 /usr/lib/gcc/avr/4.5.3/../../../avr/lib/avr5/libc.a(dtostrf.o)
                                        0x408 (size before relaxing)
 .stab          0x0000000000007fec      0x69c /usr/lib/gcc/avr/4.5.3/../../../avr/lib/avr5/libc.a(strtod.o)
                                        0x888 (size before relaxing)
 .stab          0x0000000000008688      0x42c /usr/lib/gcc/avr/4.5.3/../../../avr/lib/avr5/libc.a(strtoul.o)
                                        0x48c (size before relaxing)
 .stab          0x0000000000008ab4      0x174 /usr/lib/gcc/avr/4.5.3/../../../avr/lib/avr5/libc.a(atoi.o)
                                        0x180 (size before relaxing)
 .stab          0x0000000000008c28       0x30 /usr/lib/gcc/avr/4.5.3/../../../avr/lib/avr5/libc.a(exit.o)
                                         0x3c (size before relaxing)
 .stab          0x0000000000008c58       0x9c /usr/lib/gcc/avr/4.5.3/../../../avr/lib/avr5/libc.a(isspace.o)
                                         0xa8 (size before relaxing)
 .stab          0x0000000000008cf4       0x84 /usr/lib/gcc/avr/4.5.3/../../../avr/lib/avr5/libc.a(strcmp_P.o)
                                         0x90 (size before relaxing)
 .stab          0x0000000000008d78      0x138 /usr/lib/gcc/avr/4.5.3/../../../avr/lib/avr5/libc.a(strncasecmp_P.o)
                                        0x144 (size before relaxing)
 .stab          0x0000000000008eb0       0x6c /usr/lib/gcc/avr/4.5.3/../../../avr/lib/avr5/libc.a(memset.o)
                                         0x78 (size before relaxing)
 .stab          0x0000000000008f1c       0x9c /usr/lib/gcc/avr/4.5.3/../../../avr/lib/avr5/libc.a(strcat.o)
                                         0xa8 (size before relaxing)
 .stab          0x0000000000008fb8       0x6c /usr/lib/gcc/avr/4.5.3/../../../avr/lib/avr5/libc.a(strcpy.o)
                                         0x78 (size before relaxing)
 .stab          0x0000000000009024      0x1b0 /usr/lib/gcc/avr/4.5.3/../../../avr/lib/avr5/libc.a(itoa.o)
                                        0x1bc (size before relaxing)
 .stab          0x00000000000091d4       0x78 /usr/lib/gcc/avr/4.5.3/../../../avr/lib/avr5/libc.a(mul10.o)
                                         0x84 (size before relaxing)
 .stab          0x000000000000924c      0x1e0 /usr/lib/gcc/avr/4.5.3/../../../avr/lib/avr5/libc.a(ultoa.o)
                                        0x1ec (size before relaxing)
 .stab          0x000000000000942c      0x1f8 /usr/lib/gcc/avr/4.5.3/../../../avr/lib/avr5/libc.a(sprintf.o)
                                        0x3d8 (size before relaxing)
 .stab          0x0000000000009624      0xa08 /usr/lib/gcc/avr/4.5.3/../../../avr/lib/avr5/libc.a(vfprintf_std.o)
                                        0xcd8 (size before relaxing)
 .stab          0x000000000000a02c      0x108 /usr/lib/gcc/avr/4.5.3/../../../avr/lib/avr5/libc.a(eerd_block_atmega32.o)
                                        0x114 (size before relaxing)
 .stab          0x000000000000a134       0x90 /usr/lib/gcc/avr/4.5.3/../../../avr/lib/avr5/libc.a(eerd_byte_atmega32.o)
                                         0x9c (size before relaxing)
 .stab          0x000000000000a1c4       0x9c /usr/lib/gcc/avr/4.5.3/../../../avr/lib/avr5/libc.a(eewr_block_atmega32.o)
                                         0xa8 (size before relaxing)
 .stab          0x000000000000a260       0xd8 /usr/lib/gcc/avr/4.5.3/../../../avr/lib/avr5/libc.a(eewr_byte_atmega32.o)
                                         0xe4 (size before relaxing)
 .stab          0x000000000000a338       0xf0 /usr/lib/gcc/avr/4.5.3/../../../avr/lib/avr5/libc.a(errno.o)
                                         0xfc (size before relaxing)
 .stab          0x000000000000a428      0x774 /usr/lib/gcc/avr/4.5.3/../../../avr/lib/avr5/libc.a(dtoa_prf.o)
                                        0x960 (size before relaxing)
 .stab          0x000000000000ab9c      0xa38 /usr/lib/gcc/avr/4.5.3/../../../avr/lib/avr5/libc.a(ftoa_engine.o)
                                        0xa44 (size before relaxing)
 .stab          0x000000000000b5d4       0x60 /usr/lib/gcc/avr/4.5.3/../../../avr/lib/avr5/libc.a(cty_isfalse.o)
                                         0x6c (size before relaxing)
 .stab          0x000000000000b634       0x9c /usr/lib/gcc/avr/4.5.3/../../../avr/lib/avr5/libc.a(strnlen_P.o)
                                         0xa8 (size before relaxing)
 .stab          0x000000000000b6d0       0x9c /usr/lib/gcc/avr/4.5.3/../../../avr/lib/avr5/libc.a(strnlen.o)
                                         0xa8 (size before relaxing)
 .stab          0x000000000000b76c       0xd8 /usr/lib/gcc/avr/4.5.3/../../../avr/lib/avr5/libc.a(strrev.o)
                                         0xe4 (size before relaxing)
 .stab          0x000000000000b844      0x1e0 /usr/lib/gcc/avr/4.5.3/../../../avr/lib/avr5/libc.a(fputc.o)
                                        0x3c0 (size before relaxing)
 .stab          0x000000000000ba24      0x480 /usr/lib/gcc/avr/4.5.3/../../../avr/lib/avr5/libc.a(ultoa_invert.o)
                                        0x48c (size before relaxing)

.stabstr        0x0000000000000000     0x2d40
 *(.stabstr)
 .stabstr       0x0000000000000000     0x2d40 /usr/lib/gcc/avr/4.5.3/../../../avr/lib/avr5/crtm32.o

.stab.excl
 *(.stab.excl)

.stab.exclstr
 *(.stab.exclstr)

.stab.index
 *(.stab.index)

.stab.indexstr
 *(.stab.indexstr)

.comment
 *(.comment)

.debug
 *(.debug)

.line
 *(.line)

.debug_srcinfo
 *(.debug_srcinfo)

.debug_sfnames
 *(.debug_sfnames)

.debug_aranges
 *(.debug_aranges)

.debug_pubnames
 *(.debug_pubnames)

.debug_info
 *(.debug_info)
 *(.gnu.linkonce.wi.*)

.debug_abbrev
 *(.debug_abbrev)

.debug_line
 *(.debug_line)

.debug_frame
 *(.debug_frame)

.debug_str
 *(.debug_str)

.debug_loc
 *(.debug_loc)

.debug_macinfo
 *(.debug_macinfo)
OUTPUT(OpenDAQ_118.out elf32-avr)
LOAD linker stubs
